Mas
Mash
Mar
Ma
Mason
Mama
Maria
Mad
Hello
World
Yellow
Grenn
Black
Hello
Hi
