Mad
Hello
World
Yellow
Grenn
Black
Hello
Hi
How
Are
You
Yo
Are
Hello
Yoga
this is
is it
what
ttt
