Mas
Mash
Mar
Ma
Mason
Mama
Maria
Mad
World
Yellow
Grenn
Black
Are
You
Yo
Are
Yoga
this is
is it
what
ttt
