0.Mas
1.Mash
2.Mar
3.Ma
4.Mason
5.Mama
6.Maria
7.Mad
8.Hello
9.World
10.Yellow
11.Grenn
12.Black
13.Hello
14.Hi
15.How
16.Are
17.You
18.Yo
19.Are
20.Hello
21.Yoga
22.this is
23.is it
24.what
25.ttt
